<html>
<body>
<pre>
<h1>µVision Build Log</h1>
<h2>Tool Versions:</h2>
IDE-Version: ¶ÃVision V5.25.2.0
Copyright (C) 2018 ARM Ltd and ARM Germany GmbH. All rights reserved.
License Information: ∏ ∏, 123, LIC=14HWF-61T0W-FWL2N-YRCU5-8PH18-Q4ZFB
 
Tool Versions:
Toolchain:       MDK-ARM Plus  Version: 5.25.2.0
Toolchain Path:  E:\keil\ARM\ARMCC\Bin
C Compiler:      Armcc.exe V5.06 update 6 (build 750)
Assembler:       Armasm.exe V5.06 update 6 (build 750)
Linker/Locator:  ArmLink.exe V5.06 update 6 (build 750)
Library Manager: ArmAr.exe V5.06 update 6 (build 750)
Hex Converter:   FromElf.exe V5.06 update 6 (build 750)
CPU DLL:         SARMCM3.DLL V5.25.2.0
Dialog DLL:      DCM.DLL V1.17.1.0
Target DLL:      UL2CM3.DLL V1.160.12.0
Dialog DLL:      TCM.DLL V1.35.1.0
 
<h2>Project:</h2>
H:\allsensor\allSensor\MDK-ARM\allSensor.uvprojx
Project File Date:  12/27/2020

<h2>Output:</h2>
*** Using Compiler 'V5.06 update 6 (build 750)', folder: 'E:\keil\ARM\ARMCC\Bin'
Build target 'allSensor'
compiling hr04.c...
compiling light.c...
compiling freertos.c...
compiling dht11.c...
compiling wifi.c...
..\Core\Src\wifi.c(60): warning:  #870-D: invalid multibyte character sequence
  	printf("Ê≠£Âú®ËøûÊé•ÁöÑwifiÂê?=%s\r\n",WIFI_NAME);
..\Core\Src\wifi.c: 1 warning, 0 errors
compiling delay.c...
compiling main.c...
linking...
Program Size: Code=13960 RO-data=648 RW-data=132 ZI-data=17484  
FromELF: creating hex file...
".\allSensor\allSensor.axf" - 0 Error(s), 1 Warning(s).

<h2>Software Packages used:</h2>

Package Vendor: ARM
                http://www.keil.com/pack/ARM.CMSIS.5.3.0.pack
                ARM.CMSIS.5.3.0
                CMSIS (Cortex Microcontroller Software Interface Standard)
   * Component: CORE Version: 5.1.1

Package Vendor: Keil
                http://www.keil.com/pack/Keil.STM32F4xx_DFP.2.11.0.pack
                Keil.STM32F4xx_DFP.2.11.0
                STMicroelectronics STM32F4 Series Device Support, Drivers and Examples

<h2>Collection of Component include folders:</h2>
  .\RTE\_allSensor
  E:\keil\ARM\PACK\ARM\CMSIS\5.3.0\CMSIS\Include
  E:\keil\ARM\PACK\Keil\STM32F4xx_DFP\2.11.0\Drivers\CMSIS\Device\ST\STM32F4xx\Include

<h2>Collection of Component Files used:</h2>

   * Component: ARM::CMSIS:CORE:5.1.1
Build Time Elapsed:  00:00:09
</pre>
</body>
</html>
