<html>
<body>
<pre>
<h1>礦ision Build Log</h1>
<h2>Tool Versions:</h2>
IDE-Version: μVision V5.25.2.0
Copyright (C) 2018 ARM Ltd and ARM Germany GmbH. All rights reserved.
License Information: 葛 葛, 123, LIC=14HWF-61T0W-FWL2N-YRCU5-8PH18-Q4ZFB
 
Tool Versions:
Toolchain:       MDK-ARM Plus  Version: 5.25.2.0
Toolchain Path:  E:\keil\ARM\ARMCC\Bin
C Compiler:      Armcc.exe V5.06 update 6 (build 750)
Assembler:       Armasm.exe V5.06 update 6 (build 750)
Linker/Locator:  ArmLink.exe V5.06 update 6 (build 750)
Library Manager: ArmAr.exe V5.06 update 6 (build 750)
Hex Converter:   FromElf.exe V5.06 update 6 (build 750)
CPU DLL:         SARMCM3.DLL V5.25.2.0
Dialog DLL:      DCM.DLL V1.17.1.0
Target DLL:      UL2CM3.DLL V1.160.12.0
Dialog DLL:      TCM.DLL V1.35.1.0
 
<h2>Project:</h2>
H:\所有传感器\allSensor\MDK-ARM\allSensor.uvprojx
Project File Date:  12/27/2020

<h2>Output:</h2>
*** Using Compiler 'V5.06 update 6 (build 750)', folder: 'E:\keil\ARM\ARMCC\Bin'
Build target 'allSensor'
assembling startup_stm32f429xx.s...
compiling freertos.c...
../Core/Inc/light.h(16): warning:  #1-D: last line of file ends without a newline
  #endif
../Core/Src/freertos.c: 1 warning, 0 errors
compiling hr04.c...
../Core/Inc/delay.h(10): warning:  #1-D: last line of file ends without a newline
  #endif
..\Core\Src\hr04.c: 1 warning, 0 errors
compiling delay.c...
../Core/Inc/delay.h(10): warning:  #1-D: last line of file ends without a newline
  #endif
..\Core\Src\delay.c(22): warning:  #1-D: last line of file ends without a newline
  }
..\Core\Src\delay.c: 2 warnings, 0 errors
compiling gpio.c...
compiling adc.c...
compiling dht11.c...
../Core/Inc/delay.h(10): warning:  #1-D: last line of file ends without a newline
  #endif
..\Core\Src\dht11.c: 1 warning, 0 errors
compiling main.c...
../Core/Inc/delay.h(10): warning:  #1-D: last line of file ends without a newline
  #endif
../Core/Src/main.c: 1 warning, 0 errors
compiling tim.c...
compiling stm32f4xx_hal_rcc.c...
compiling stm32f4xx_hal_adc_ex.c...
compiling light.c...
../Core/Inc/light.h(16): warning:  #1-D: last line of file ends without a newline
  #endif
..\Core\Src\light.c(23): warning:  #1-D: last line of file ends without a newline
  }
..\Core\Src\light.c: 2 warnings, 0 errors
compiling stm32f4xx_it.c...
compiling usart.c...
compiling stm32f4xx_hal_msp.c...
compiling stm32f4xx_hal_adc.c...
compiling stm32f4xx_hal_flash_ramfunc.c...
compiling stm32f4xx_hal_dma.c...
compiling stm32f4xx_hal_dma_ex.c...
compiling stm32f4xx_hal_gpio.c...
compiling stm32f4xx_hal_rcc_ex.c...
compiling stm32f4xx_hal_flash_ex.c...
compiling stm32f4xx_hal_flash.c...
compiling stm32f4xx_hal_pwr.c...
compiling stm32f4xx_hal_pwr_ex.c...
compiling stm32f4xx_hal.c...
compiling stm32f4xx_hal_tim_ex.c...
compiling croutine.c...
compiling event_groups.c...
compiling system_stm32f4xx.c...
compiling list.c...
compiling stm32f4xx_hal_cortex.c...
compiling queue.c...
compiling stream_buffer.c...
compiling timers.c...
compiling tasks.c...
compiling heap_4.c...
compiling port.c...
compiling cmsis_os.c...
compiling stm32f4xx_hal_exti.c...
compiling stm32f4xx_hal_uart.c...
compiling stm32f4xx_hal_tim.c...
linking...
Program Size: Code=13796 RO-data=648 RW-data=132 ZI-data=17420  
FromELF: creating hex file...
"HR04BEEP\HR04BEEP.axf" - 0 Error(s), 8 Warning(s).

<h2>Software Packages used:</h2>

Package Vendor: ARM
                http://www.keil.com/pack/ARM.CMSIS.5.3.0.pack
                ARM.CMSIS.5.3.0
                CMSIS (Cortex Microcontroller Software Interface Standard)
   * Component: CORE Version: 5.1.1

Package Vendor: Keil
                http://www.keil.com/pack/Keil.STM32F4xx_DFP.2.11.0.pack
                Keil.STM32F4xx_DFP.2.11.0
                STMicroelectronics STM32F4 Series Device Support, Drivers and Examples

<h2>Collection of Component include folders:</h2>
  .\RTE\_allSensor
  E:\keil\ARM\PACK\ARM\CMSIS\5.3.0\CMSIS\Include
  E:\keil\ARM\PACK\Keil\STM32F4xx_DFP\2.11.0\Drivers\CMSIS\Device\ST\STM32F4xx\Include

<h2>Collection of Component Files used:</h2>

   * Component: ARM::CMSIS:CORE:5.1.1
Build Time Elapsed:  00:00:44
</pre>
</body>
</html>
